[Map]
author=Daniel Chavarrías
image=world.bmp
wrap=yes
scroll=horizontal
warn=yes
;;
[Continents]
North_America=9
South_America=3
Central_America=5
Africa=6
Europe=11
Asia=15
Australia=5
;;
[Territories]
Alaska 70 165 North America [Northwest_Territory, Alberta, Kamchatka];
Northwest Territory 141 166 North America [Alaska, Alberta, Ontario, Greenland];
Alberta 139 202 North America [Alaska, Northwest_Territory, Ontario, Western_United_States];
Greenland 320 115 North America [Northwest_Territory, Ontario, Quebec, Iceland, Svalbard];
Ontario 195 206 North America [Northwest_Territory, Alberta, Greenland, Quebec, Western_United_States, Eastern_United_States];
Quebec 249 205 North America [Greenland, Ontario, Eastern_United_States, Azores];
Western United States 151 243 North America [Alberta, Ontario, Eastern_United_States, Mexico, Hawaii];
Eastern United States 211 255 North America [Ontario, Quebec, Western_United_States, Mexico, Cuba, Canary_Islands];
Hawaii 41 295 North America [Western_United_States, Japan];
Mexico 179 301 North America [Western_United_States, Eastern_United_States, Venezuala, Cuba];
Cuba 234 295 North America [Eastern_United_States, Rep._Dominicana, Mexico];
Rep. Dominicana 246 305 North America [Cuba, Venezuala, Canary_Islands];
Venezuala 256 342 North America [Peru, Brazil, Rep._Dominicana, Mexico];
Peru 258 388 North America [Venezuala, Brazil, Argentina];
Argentina 255 446 North America [Peru, Brazil, New_Zealand, Falkland_Islands];
Brazil 303 380 North America [Venezuala, Peru, Argentina, North_Africa];
Falkland Islands 299 481 North America [Argentina, South_Africa];
North Africa 419 304 North America [Brazil, Western_Europe, Southern_Europe, Egypt, East_Africa, Congo, Canary_Islands];
Congo 469 357 North America [North_Africa, East_Africa, South_Africa];
South Africa 477 410 North America [Congo, East_Africa, Madagascar, Falkland_Islands];
Madagascar 532 400 North America [East_Africa, South_Africa];
East Africa 513 337 North America [Egypt, Middle_East, Congo, North_Africa, South_Africa, Madagascar, Maldivas];
Egypt 474 288 North America [Southern_Europe, North_Africa, Middle_East, East_Africa];
Iceland 374 167 North America [Greenland, Great_Britain, Scandinavia];
Great Britain 413 205 North America [Iceland, Scandinavia, Western_Europe, Northern_Europe];
Western Europe 420 240 North America [Great_Britain, Northern_Europe, Southern_Europe, North_Africa, Canary_Islands, Azores];
Scandinavia 460 166 North America [Iceland, Great_Britain, Northern_Europe, Ukraine, Svalbard];
Northern Europe 457 213 North America [Great_Britain, Scandinavia, Ukraine, Southern_Europe, Western_Europe];
Southern Europe 467 237 North America [Northern_Europe, Ukraine, Middle_East, Egypt, North_Africa, Western_Europe];
Ukraine 524 196 North America [Ural, Afghanistan, Middle_East, Southern_Europe, Northern_Europe, Scandinavia, New_Zembla];
Svalbard 439 83 North America [Scandinavia, Greenland];
Canary Islands 370 281 North America [Western_Europe, Eastern_United_States, Rep._Dominicana, North_Africa];
Azores 337 247 North America [Western_Europe, Quebec];
New Zembla 557 139 North America [Ukraine, Ural];
Middle East 528 272 North America [Ukraine, Afghanistan, India, Southern_Europe, Egypt, East_Africa, Maldivas];
Ural 606 175 North America [Siberia, China, Afghanistan, Ukraine, New_Zembla];
Afghanistan 577 232 North America [Ural, China, India, Middle_East, Ukraine];
India 606 290 North America [China, Siam, Afghanistan, Middle_East, Sri_Lanka];
Siberia 660 149 North America [Yatusk, Irkutsk, Mongolia, China, Ural];
China 660 258 North America [Ural, Siberia, Mongolia, Siam, India, Afghanistan];
Siam 665 309 North America [China, India, Indonesia];
Mongolia 701 228 North America [Siberia, Irkutsk, Japan, China, Kamchatka];
Irkutsk 694 192 North America [Siberia, Yatusk, Kamchatka, Mongolia];
Yatusk 734 159 North America [Siberia, Irkutsk, Kamchatka];
Kamchatka 800 166 North America [Yatusk, Irkutsk, Japan, Alaska, Mongolia];
Japan 754 262 North America [Kamchatka, Mongolia, Hawaii, Philippines];
Philippines 736 311 North America [Indonesia, Japan];
Sri Lanka 610 336 North America [India, Maldivas];
Maldivas 580 343 North America [Sri_Lanka, Indonesia, East_Africa, Middle_East];
Indonesia 689 352 North America [Siam, New_Guinea, Western_Australia, Philippines, Maldivas];
New Guinea 763 365 North America [Indonesia, Western_Australia, Eastern_Australia];
Western Australia 725 412 North America [Indonesia, New_Guinea, Eastern_Australia];
Eastern Australia 771 420 North America [Western_Australia, New_Guinea, New_Zealand];
New Zealand 852 462 North America [Eastern_Australia, Argentina];
;;
