[Map]
author=Daniel Chavarrías
image=world++.bmp
wrap=yes
scroll=horizontal
warn=yes
[Continents]
North_America=6
South_America=4
Central_America=3
Africa=4
Europe=8
Asia=8
Australasia=2
[Territories]
Alaska,70,165,North America,[North America, Northwest Territory, Alberta]
Northwest Territory,141,166,North America,[North America, Alaska, Alberta, Ontario]
Alberta,139,202,North America,[North America, Alaska, Northwest Territory, Ontario]
Greenland,320,115,North America,[North America, Northwest Territory, Ontario, Quebec, Iceland]
Ontario,195,206,North America,[North America, Northwest Territory, Alberta, Greenland, Quebec, Western United States]
Quebec,249,205,North America,[North America, Greenland, Ontario, Eastern United States]
Western United States,151,243,North America,[North America, Alberta, Ontario, Eastern United States, Mexico]
Eastern United States,211,255,North America,[North America, Ontario, Quebec, Western United States, Mexico, Cuba]
Hawaii,41,295,North America,[North America, Western United States]
Mexico,179,301,North America,[Central America, Western United States, Eastern United States, Venezuala]
Cuba,234,295,North America,[Central America, Eastern United States, Rep. Dominicana]
Rep. Dominicana,246,305,North America,[Central America, Cuba, Venezuala]
Venezuala,256,342,North America,[South America, Peru, Brazil, Rep. Dominicana]
Peru,258,388,North America,[South America, Venezuala, Brazil]
Argentina,255,446,North America,[South America, Peru, Brazil, New Zealand]
Brazil,303,380,North America,[South America, Venezuala, Peru, Argentina]
Falkland Islands,299,481,North America,[South America, Argentina]
North Africa,419,304,North America,[Africa, Brazil, Western Europe, Southern Europe, Egypt, East Africa, Congo]
Congo,469,357,North America,[Africa, North Africa, East Africa]
South Africa,477,410,North America,[Africa, Congo, East Africa, Madagascar]
Madagascar,532,400,North America,[Africa, East Africa]
East Africa,513,337,North America,[Africa, Egypt, Middle East, Congo, North Africa, South Africa, Madagascar]
Egypt,474,288,North America,[Africa, Southern Europe, North Africa, Middle East]
Iceland,374,167,North America,[Europe, Greenland, Great Britain]
Great Britain,413,205,North America,[Europe, Iceland, Scandinavia, Western Europe]
Western Europe,420,240,North America,[Europe, Great Britain, Northern Europe, Southern Europe, North Africa, Canary Islands]
Scandinavia,460,166,North America,[Europe, Iceland, Great Britain, Northern Europe, Ukraine]
Northern Europe,457,213,North America,[Europe, Great Britain, Scandinavia, Ukraine, Southern Europe]
Southern Europe,467,237,North America,[Europe, Northern Europe, Ukraine, Middle East, Egypt, North Africa]
Ukraine,524,196,North America,[Europe, Ural, Afghanistan, Middle East, Southern Europe, Northern Europe, Scandinavia]
Svalbard,439,83,North America,[Europe, Scandinavia]
Canary Islands,370,281,North America,[Europe, Western Europe, Eastern United States, Rep. Dominicana]
Azores,337,247,North America,[Europe, Western Europe]
New Zembla,557,139,North America,[Europe, Ukraine]
Middle East,528,272,North America,[Asia, Ukraine, Afghanistan, India, Southern Europe, Egypt, East Africa]
Ural,606,175,North America,[Asia, Siberia, China, Afghanistan, Ukraine]
Afghanistan,577,232,North America,[Asia, Ural, China, India, Middle East]
India,606,290,North America,[Asia, China, Siam, Afghanistan, Middle East]
Siberia,660,149,North America,[Asia, Yatusk, Irkutsk, Mongolia, China]
China,660,258,North America,[Asia, Ural, Siberia, Mongolia, Siam, India]
Siam,665,309,North America,[Asia, China, India]
Mongolia,701,228,North America,[Asia, Siberia, Irkutsk, Japan, China]
Irkutsk,694,192,North America,[Asia, Siberia, Yatusk, Kamchatka]
Yatusk,734,159,North America,[Asia, Siberia, Irkutsk]
Kamchatka,800,166,North America,[Asia, Yatusk, Irkutsk, Japan, Alaska]
Japan,754,262,North America,[Asia, Kamchatka, Mongolia, Hawaii]
Philippines,736,311,North America,[Asia, Indonesia]
Sri Lanka,610,336,North America,[Asia, India]
Maldivas,580,343,North America,[Asia, Sri Lanka, Indonesia, East Africa]
Indonesia,689,352,North America,[Australasia, Siam, New Guinea, Western Australia, Philippines]
New Guinea,763,365,North America,[Australasia, Indonesia, Western Australia]
Western Australia,725,412,North America,[Australasia, Indonesia, New Guinea]
Eastern Australia,771,420,North America,[Australasia, Western Australia, New Guinea]
New Zealand,852,462,North America,[Australasia, Eastern Australia]
